// Jest Snapshot v1, https://goo.gl/fbAQLP

exports[`<TextInputWithLabel /> Should match snapshot 1`] = `
<View
  style={
    [
      {
        "display": "flex",
        "flexDirection": "column",
      },
      undefined,
    ]
  }
>
  <Text
    style={
      [
        {
          "color": "rgba(30, 35, 39, 1)",
          "fontFamily": "MediumFont",
          "fontSize": 14,
          "fontWeight": "500",
          "lineHeight": 20,
          "marginBottom": 10,
        },
        undefined,
      ]
    }
    testID="TextInputWithLabel.Test"
  >
    Test Id
  </Text>
  <TextInput
    style={
      [
        {
          "backgroundColor": "rgba(219, 225, 229, 1)",
          "borderBottomLeftRadius": 8,
          "borderBottomRightRadius": 8,
          "borderTopLeftRadius": 8,
          "borderTopRightRadius": 8,
          "color": "rgba(30, 35, 39, 1)",
          "fontFamily": "MediumFont",
          "fontSize": 18,
          "fontWeight": "500",
          "lineHeight": 28,
          "paddingBottom": 14,
          "paddingLeft": 12,
          "paddingRight": 12,
          "paddingTop": 14,
        },
        undefined,
      ]
    }
  />
</View>
`;
