// Jest Snapshot v1, https://goo.gl/fbAQLP

exports[`<IconButton /> Should match snapshot 1`] = `
<View
  accessibilityState={
    {
      "disabled": false,
    }
  }
  accessible={true}
  collapsable={false}
  focusable={false}
  onClick={[Function]}
  onResponderGrant={[Function]}
  onResponderMove={[Function]}
  onResponderRelease={[Function]}
  onResponderTerminate={[Function]}
  onResponderTerminationRequest={[Function]}
  onStartShouldSetResponder={[Function]}
  style={
    {
      "display": "flex",
      "flexDirection": "column",
      "opacity": 1,
    }
  }
>
  <Text />
</View>
`;
